
Running 1 test using 1 worker

(node:257) Warning: The 'NO_COLOR' env is ignored due to the 'FORCE_COLOR' env being set.
(Use `node --trace-warnings ...` to show where the warning was created)
  ✘  1 [smoke] › e2e/smoke/sdk-offline-recovery.spec.ts:4:5 › feed reads recover after offline requests exhaust the SDK endpoint pool (32.9s)


  1) [smoke] › e2e/smoke/sdk-offline-recovery.spec.ts:4:5 › feed reads recover after offline requests exhaust the SDK endpoint pool 

    Error: expect(locator).toBeVisible() failed

    Locator: getByTestId('feed-top-list')
    Expected: visible
    Timeout: 30000ms
    Error: element(s) not found

    Call log:
      - Expect "toBeVisible" with timeout 30000ms
      - waiting for getByTestId('feed-top-list')


      34 |   // Recover in the same page and session, using the ordinary Refresh button.
      35 |   await refresh.click()
    > 36 |   await expect(list).toBeVisible()
         |                      ^
      37 |   await expect(list.locator('article').first()).toBeVisible()
      38 | })
      39 |
        at /private/tmp/yappr-sdk-offline-recovery/e2e/smoke/sdk-offline-recovery.spec.ts:36:22

    attachment #1: screenshot (image/png) ──────────────────────────────────────────────────────────
    test-results/sdk-offline-recovery-feed--e74a7-haust-the-SDK-endpoint-pool-smoke/test-failed-1.png
    ────────────────────────────────────────────────────────────────────────────────────────────────

    Error Context: test-results/sdk-offline-recovery-feed--e74a7-haust-the-SDK-endpoint-pool-smoke/error-context.md

    attachment #3: trace (application/zip) ─────────────────────────────────────────────────────────
    test-results/sdk-offline-recovery-feed--e74a7-haust-the-SDK-endpoint-pool-smoke/trace.zip
    Usage:

        npx playwright show-trace test-results/sdk-offline-recovery-feed--e74a7-haust-the-SDK-endpoint-pool-smoke/trace.zip

    ────────────────────────────────────────────────────────────────────────────────────────────────

  1 failed
    [smoke] › e2e/smoke/sdk-offline-recovery.spec.ts:4:5 › feed reads recover after offline requests exhaust the SDK endpoint pool 
